// Jest Snapshot v1, https://goo.gl/fbAQLP

exports[`registration reducer initially should return the initial state 1`] = `
Object {
  "fields": Object {},
  "registration": 0,
  "status": "loading",
}
`;
