// Jest Snapshot v1, https://goo.gl/fbAQLP

exports[`welcome reducer initially should return the initial state 1`] = `
Object {
  "eventList": Array [],
  "loading": true,
  "status": "initial",
}
`;
