// Jest Snapshot v1, https://goo.gl/fbAQLP

exports[`ReduxNavigator component renders correctly 1`] = `
<View
  style={
    Object {
      "flex": 1,
    }
  }
>
  <View
    style={
      Object {
        "backgroundColor": "#E62272",
        "height": 20,
      }
    }
  />
  <View
    modalOpen="false"
    onLayout={[Function]}
    style={
      Array [
        Object {
          "backgroundColor": "#E62272",
          "flex": 1,
          "paddingLeft": 16,
          "paddingRight": 16,
        },
        Object {
          "paddingBottom": 0,
        },
      ]
    }
  >
    <View
      accessible={false}
      onResponderGrant={[Function]}
      onResponderMove={[Function]}
      onResponderRelease={[Function]}
      onResponderTerminate={[Function]}
      onResponderTerminationRequest={[Function]}
      onStartShouldSetResponder={[Function]}
      style={
        Object {
          "flex": 1,
          "justifyContent": "center",
        }
      }
    >
      <Image
        source={
          Object {
            "testUri": "../../../app/assets/img/logo.png",
          }
        }
        style={
          Object {
            "alignSelf": "center",
            "height": 108,
            "marginBottom": 48,
            "resizeMode": "contain",
            "width": 260,
          }
        }
      />
      <View>
        <TextInput
          allowFontScaling={true}
          autoCapitalize="none"
          onChangeText={[Function]}
          placeholder="Username"
          style={
            Object {
              "backgroundColor": "#FFFFFF",
              "borderRadius": 4,
              "height": 48,
              "marginBottom": 8,
              "marginLeft": 16,
              "marginRight": 16,
              "padding": 8,
            }
          }
          underlineColorAndroid="#313131"
        />
        <TextInput
          allowFontScaling={true}
          autoCapitalize="none"
          onChangeText={[Function]}
          onSubmitEditing={[Function]}
          placeholder="Password"
          secureTextEntry={true}
          style={
            Object {
              "backgroundColor": "#FFFFFF",
              "borderRadius": 4,
              "height": 48,
              "marginBottom": 8,
              "marginLeft": 16,
              "marginRight": 16,
              "padding": 8,
            }
          }
          underlineColorAndroid="#313131"
        />
      </View>
      <View
        accessible={true}
        isTVSelectable={true}
        onResponderGrant={[Function]}
        onResponderMove={[Function]}
        onResponderRelease={[Function]}
        onResponderTerminate={[Function]}
        onResponderTerminationRequest={[Function]}
        onStartShouldSetResponder={[Function]}
        style={
          Array [
            Object {
              "alignSelf": "center",
              "marginBottom": 16,
              "marginTop": 32,
              "width": 120,
            },
            Object {
              "borderRadius": 100,
            },
          ]
        }
      >
        <View
          style={
            Array [
              Object {
                "borderRadius": 100,
                "padding": 10,
                "paddingLeft": 12,
                "paddingRight": 12,
              },
              Object {
                "backgroundColor": "#373737",
              },
            ]
          }
        >
          <Text
            style={
              Array [
                Object {
                  "color": "#FFFFFF",
                  "fontSize": 14,
                  "justifyContent": "center",
                  "textAlign": "center",
                },
                Object {
                  "fontWeight": "bold",
                },
              ]
            }
          >
            LOGIN
          </Text>
        </View>
      </View>
      <Text
        onPress={[Function]}
        style={
          Object {
            "alignSelf": "center",
            "color": "#373737",
            "fontFamily": "System",
            "fontSize": 14,
            "fontWeight": "600",
            "height": 25,
            "marginBottom": 10,
          }
        }
      >
        Forgot password?
      </Text>
    </View>
  </View>
</View>
`;
